<html>
<body>
<pre>
<h1>µVision Build Log</h1>
<h2>Project:</h2>
D:\workspace\STM32F103C8T6\Project\Project\STM32F103C8T6.uvproj
Project File Date:  08/23/2020

<h2>Output:</h2>
Build target 'STM32F103C8T6'
linking...
Program Size: Code=12752 RO-data=27224 RW-data=56 ZI-data=1024  
FromELF: creating hex file...
".\Out\STM32F103C8T6.axf" - 0 Error(s), 0 Warning(s).
Load "D:\\workspace\\STM32F103C8T6\\Project\\Project\\Out\\STM32F103C8T6.axf" 
Erase Done.
Programming Done.
Verify OK.
Application running ...
Load "D:\\workspace\\STM32F103C8T6\\Project\\Project\\Out\\STM32F103C8T6.axf" 
Erase Done.
Programming Done.
Verify OK.
Application running ...
</pre>
</body>
</html>
g ...
mpiling system_stm32f10x.c...
compiling core_cm3.c...
compiling misc.c...
compiling stm32f10x_adc.c...
compiling stm32f10x_bkp.c...
compiling stm32f10x_can.c...
compiling stm32f10x_cec.c...
compiling stm32f10x_crc.c...
compiling stm32f10x_dac.c...
compiling stm32f10x_dbgmcu.c...
compiling stm32f10x_dma.c...
compiling stm32f10x_exti.c...
compiling stm32f10x_flash.c...
compiling stm32f10x_fsmc.c...
compiling stm32f10x_gpio.c...
compiling stm32f10x_i2c.c...
compiling stm32f10x_iwdg.c...
compiling stm32f10x_pwr.c...
compiling stm32f10x_rcc.c...
compiling stm32f10x_rtc.c...
compiling stm32f10x_sdio.c...
compiling stm32f10x_spi.c...
compiling stm32f10x_tim.c...
compiling stm32f10x_usart.c...
compiling stm32f10x_wwdg.c...
compiling stm32f10x_systick.c...
assembling startup_stm32f10x_md.s...
compiling SampleTest.c...
..\User\systemColor.h(9): warning:  #1-D: last line of file ends without a newline
  #define GRAY2   0x4208
..\Sample\SampleTest.c(136): warning:  #177-D: function "LCD_Test" was declared but never referenced
  static void LCD_Test(void)
..\Sample\SampleTest.c(171): warning:  #177-D: function "GUI_Test" was declared but never referenced
  static void GUI_Test( void )
..\Sample\SampleTest.c: 3 warnings, 0 errors
linking...
Program Size: Code=12740 RO-data=27228 RW-data=56 ZI-data=1024  
FromELF: creating hex file...
".\Out\STM32F103C8T6.axf" - 0 Error(s), 5 Warning(s).
Load "D:\\workspace\\STM32F103C8T6\\Project\\Project\\Out\\STM32F103C8T6.axf" 
Erase Done.
Programming Done.
Verify OK.
Application running ...
